Component: ARM Compiler 5.06 update 5 (build 528) Tool: armlink [4d35e2]

==============================================================================

Section Cross References

    startup_stm32f10x_md.o(RESET) refers to startup_stm32f10x_md.o(STACK) for __initial_sp
    startup_stm32f10x_md.o(RESET) refers to startup_stm32f10x_md.o(.text) for Reset_Handler
    startup_stm32f10x_md.o(RESET) refers to bsp_timer.o(.text) for TIM1_UP_IRQHandler
    startup_stm32f10x_md.o(RESET) refers to usart.o(.text) for USART2_IRQHandler
    startup_stm32f10x_md.o(.text) refers to system_stm32f10x.o(.text) for SystemInit
    startup_stm32f10x_md.o(.text) refers to entry.o(.ARM.Collect$$$$00000000) for __main
    system_stm32f10x.o(.text) refers to system_stm32f10x.o(.data) for SystemCoreClock
    delay.o(.text) refers to misc.o(.text) for SysTick_CLKSourceConfig
    delay.o(.text) refers to system_stm32f10x.o(.data) for SystemCoreClock
    delay.o(.text) refers to delay.o(.data) for fac_us
    sys.o(.text) refers to misc.o(.text) for NVIC_PriorityGroupConfig
    usart.o(.text) refers to stm32f10x_rcc.o(.text) for RCC_APB2PeriphClockCmd
    usart.o(.text) refers to stm32f10x_usart.o(.text) for USART_DeInit
    usart.o(.text) refers to stm32f10x_gpio.o(.text) for GPIO_Init
    usart.o(.text) refers to misc.o(.text) for NVIC_Init
    usart.o(.text) refers to usart.o(.data) for receive_ok
    usart.o(.text) refers to usart.o(.bss) for receive
    main.o(.text) refers to bsp.o(.text) for bsp_init
    main.o(.text) refers to app_linewalking.o(.text) for app_LineWalking
    app_motor.o(.text) refers to stm32f10x_gpio.o(.text) for GPIO_SetBits
    app_motor.o(.text) refers to stm32f10x_tim.o(.text) for TIM_SetCompare2
    app_linewalking.o(.text) refers to bsp_linewalking.o(.text) for bsp_GetLineWalking
    app_linewalking.o(.text) refers to usart.o(.text) for receive_del
    app_linewalking.o(.text) refers to bsp_colorful.o(.text) for Colorful_Control
    app_linewalking.o(.text) refers to app_motor.o(.text) for Car_Stop
    app_linewalking.o(.text) refers to delay.o(.text) for delay_ms
    bsp.o(.text) refers to system_stm32f10x.o(.text) for SystemInit
    bsp.o(.text) refers to delay.o(.text) for delay_init
    bsp.o(.text) refers to sys.o(.text) for NVIC_Configuration
    bsp.o(.text) refers to usart.o(.text) for uart_init
    bsp.o(.text) refers to bsp_gpio.o(.text) for Colorful_GPIO_Init
    bsp.o(.text) refers to bsp_motor.o(.text) for Motor_PWM_Init
    bsp_gpio.o(.text) refers to stm32f10x_rcc.o(.text) for RCC_APB2PeriphClockCmd
    bsp_gpio.o(.text) refers to stm32f10x_gpio.o(.text) for GPIO_Init
    bsp_motor.o(.text) refers to stm32f10x_rcc.o(.text) for RCC_APB1PeriphClockCmd
    bsp_motor.o(.text) refers to stm32f10x_gpio.o(.text) for GPIO_Init
    bsp_motor.o(.text) refers to stm32f10x_tim.o(.text) for TIM_TimeBaseInit
    bsp_servo.o(.text) refers to stm32f10x_gpio.o(.text) for GPIO_SetBits
    bsp_servo.o(.text) refers to delay.o(.text) for delay_us
    bsp_timer.o(.text) refers to stm32f10x_rcc.o(.text) for RCC_APB2PeriphClockCmd
    bsp_timer.o(.text) refers to stm32f10x_tim.o(.text) for TIM_TimeBaseInit
    bsp_timer.o(.text) refers to misc.o(.text) for NVIC_Init
    bsp_timer.o(.text) refers to stm32f10x_gpio.o(.text) for GPIO_SetBits
    bsp_timer.o(.text) refers to bsp_timer.o(.data) for num
    bsp_timer.o(.text) refers to bsp_servo.o(.data) for Angle_J1
    bsp_colorful.o(.text) refers to stm32f10x_gpio.o(.text) for GPIO_SetBits
    bsp_linewalking.o(.text) refers to stm32f10x_gpio.o(.text) for GPIO_ReadInputDataBit
    stm32f10x_adc.o(.text) refers to stm32f10x_rcc.o(.text) for RCC_APB2PeriphResetCmd
    stm32f10x_bkp.o(.text) refers to stm32f10x_rcc.o(.text) for RCC_BackupResetCmd
    stm32f10x_can.o(.text) refers to stm32f10x_rcc.o(.text) for RCC_APB1PeriphResetCmd
    stm32f10x_cec.o(.text) refers to stm32f10x_rcc.o(.text) for RCC_APB1PeriphResetCmd
    stm32f10x_dac.o(.text) refers to stm32f10x_rcc.o(.text) for RCC_APB1PeriphResetCmd
    stm32f10x_gpio.o(.text) refers to stm32f10x_rcc.o(.text) for RCC_APB2PeriphResetCmd
    stm32f10x_i2c.o(.text) refers to stm32f10x_rcc.o(.text) for RCC_APB1PeriphResetCmd
    stm32f10x_pwr.o(.text) refers to stm32f10x_rcc.o(.text) for RCC_APB1PeriphResetCmd
    stm32f10x_rcc.o(.text) refers to stm32f10x_rcc.o(.data) for APBAHBPrescTable
    stm32f10x_spi.o(.text) refers to stm32f10x_rcc.o(.text) for RCC_APB2PeriphResetCmd
    stm32f10x_tim.o(.text) refers to stm32f10x_rcc.o(.text) for RCC_APB2PeriphResetCmd
    stm32f10x_usart.o(.text) refers to stm32f10x_rcc.o(.text) for RCC_APB2PeriphResetCmd
    stm32f10x_wwdg.o(.text) refers to stm32f10x_rcc.o(.text) for RCC_APB1PeriphResetCmd
    entry.o(.ARM.Collect$$$$00000000) refers (Special) to entry10a.o(.ARM.Collect$$$$0000000D) for __rt_final_cpp
    entry.o(.ARM.Collect$$$$00000000) refers (Special) to entry11a.o(.ARM.Collect$$$$0000000F) for __rt_final_exit
    entry.o(.ARM.Collect$$$$00000000) refers (Special) to entry7b.o(.ARM.Collect$$$$00000008) for _main_clock
    entry.o(.ARM.Collect$$$$00000000) refers (Special) to entry8b.o(.ARM.Collect$$$$0000000A) for _main_cpp_init
    entry.o(.ARM.Collect$$$$00000000) refers (Special) to entry9a.o(.ARM.Collect$$$$0000000B) for _main_init
    entry.o(.ARM.Collect$$$$00000000) refers (Special) to entry5.o(.ARM.Collect$$$$00000004) for _main_scatterload
    entry.o(.ARM.Collect$$$$00000000) refers (Special) to entry2.o(.ARM.Collect$$$$00000001) for _main_stk
    entry2.o(.ARM.Collect$$$$00000001) refers to entry2.o(.ARM.Collect$$$$00002712) for __lit__00000000
    entry2.o(.ARM.Collect$$$$00002712) refers to startup_stm32f10x_md.o(STACK) for __initial_sp
    entry2.o(__vectab_stack_and_reset_area) refers to startup_stm32f10x_md.o(STACK) for __initial_sp
    entry2.o(__vectab_stack_and_reset_area) refers to entry.o(.ARM.Collect$$$$00000000) for __main
    entry5.o(.ARM.Collect$$$$00000004) refers to init.o(.text) for __scatterload
    entry9a.o(.ARM.Collect$$$$0000000B) refers to main.o(.text) for main
    entry9b.o(.ARM.Collect$$$$0000000C) refers to main.o(.text) for main
    init.o(.text) refers to entry5.o(.ARM.Collect$$$$00000004) for __main_after_scatterload


==============================================================================

Removing Unused input sections from the image.

    Removing startup_stm32f10x_md.o(HEAP), (512 bytes).
    Removing core_cm3.o(.emb_text), (32 bytes).
    Removing bsp_servo.o(.text), (456 bytes).
    Removing stm32f10x_adc.o(.text), (1102 bytes).
    Removing stm32f10x_bkp.o(.text), (196 bytes).
    Removing stm32f10x_can.o(.text), (2544 bytes).
    Removing stm32f10x_cec.o(.text), (288 bytes).
    Removing stm32f10x_crc.o(.text), (72 bytes).
    Removing stm32f10x_dac.o(.text), (396 bytes).
    Removing stm32f10x_dbgmcu.o(.text), (48 bytes).
    Removing stm32f10x_dma.o(.text), (596 bytes).
    Removing stm32f10x_exti.o(.text), (284 bytes).
    Removing stm32f10x_flash.o(.text), (1468 bytes).
    Removing stm32f10x_fsmc.o(.text), (1548 bytes).
    Removing stm32f10x_i2c.o(.text), (1028 bytes).
    Removing stm32f10x_iwdg.o(.text), (64 bytes).
    Removing stm32f10x_pwr.o(.text), (204 bytes).
    Removing stm32f10x_rtc.o(.text), (328 bytes).
    Removing stm32f10x_sdio.o(.text), (468 bytes).
    Removing stm32f10x_spi.o(.text), (780 bytes).
    Removing stm32f10x_wwdg.o(.text), (136 bytes).

21 unused section(s) (total 12550 bytes) removed from the image.

==============================================================================

Image Symbol Table

    Local Symbols

    Symbol Name                              Value     Ov Type        Size  Object(Section)

    ../clib/microlib/init/entry.s            0x00000000   Number         0  entry8a.o ABSOLUTE
    ../clib/microlib/init/entry.s            0x00000000   Number         0  entry9a.o ABSOLUTE
    ../clib/microlib/init/entry.s            0x00000000   Number         0  entry8b.o ABSOLUTE
    ../clib/microlib/init/entry.s            0x00000000   Number         0  entry5.o ABSOLUTE
    ../clib/microlib/init/entry.s            0x00000000   Number         0  entry.o ABSOLUTE
    ../clib/microlib/init/entry.s            0x00000000   Number         0  entry7b.o ABSOLUTE
    ../clib/microlib/init/entry.s            0x00000000   Number         0  entry7a.o ABSOLUTE
    ../clib/microlib/init/entry.s            0x00000000   Number         0  entry11b.o ABSOLUTE
    ../clib/microlib/init/entry.s            0x00000000   Number         0  entry11a.o ABSOLUTE
    ../clib/microlib/init/entry.s            0x00000000   Number         0  entry10b.o ABSOLUTE
    ../clib/microlib/init/entry.s            0x00000000   Number         0  entry10a.o ABSOLUTE
    ../clib/microlib/init/entry.s            0x00000000   Number         0  entry2.o ABSOLUTE
    ../clib/microlib/init/entry.s            0x00000000   Number         0  entry9b.o ABSOLUTE
    CMSIS\\core_cm3.c                        0x00000000   Number         0  core_cm3.o ABSOLUTE
    CMSIS\core_cm3.c                         0x00000000   Number         0  core_cm3.o ABSOLUTE
    CMSIS\startup\startup_stm32f10x_md.s     0x00000000   Number         0  startup_stm32f10x_md.o ABSOLUTE
    CMSIS\system_stm32f10x.c                 0x00000000   Number         0  system_stm32f10x.o ABSOLUTE
    FWlib\src\misc.c                         0x00000000   Number         0  misc.o ABSOLUTE
    FWlib\src\stm32f10x_adc.c                0x00000000   Number         0  stm32f10x_adc.o ABSOLUTE
    FWlib\src\stm32f10x_bkp.c                0x00000000   Number         0  stm32f10x_bkp.o ABSOLUTE
    FWlib\src\stm32f10x_can.c                0x00000000   Number         0  stm32f10x_can.o ABSOLUTE
    FWlib\src\stm32f10x_cec.c                0x00000000   Number         0  stm32f10x_cec.o ABSOLUTE
    FWlib\src\stm32f10x_crc.c                0x00000000   Number         0  stm32f10x_crc.o ABSOLUTE
    FWlib\src\stm32f10x_dac.c                0x00000000   Number         0  stm32f10x_dac.o ABSOLUTE
    FWlib\src\stm32f10x_dbgmcu.c             0x00000000   Number         0  stm32f10x_dbgmcu.o ABSOLUTE
    FWlib\src\stm32f10x_dma.c                0x00000000   Number         0  stm32f10x_dma.o ABSOLUTE
    FWlib\src\stm32f10x_exti.c               0x00000000   Number         0  stm32f10x_exti.o ABSOLUTE
    FWlib\src\stm32f10x_flash.c              0x00000000   Number         0  stm32f10x_flash.o ABSOLUTE
    FWlib\src\stm32f10x_fsmc.c               0x00000000   Number         0  stm32f10x_fsmc.o ABSOLUTE
    FWlib\src\stm32f10x_gpio.c               0x00000000   Number         0  stm32f10x_gpio.o ABSOLUTE
    FWlib\src\stm32f10x_i2c.c                0x00000000   Number         0  stm32f10x_i2c.o ABSOLUTE
    FWlib\src\stm32f10x_iwdg.c               0x00000000   Number         0  stm32f10x_iwdg.o ABSOLUTE
    FWlib\src\stm32f10x_pwr.c                0x00000000   Number         0  stm32f10x_pwr.o ABSOLUTE
    FWlib\src\stm32f10x_rcc.c                0x00000000   Number         0  stm32f10x_rcc.o ABSOLUTE
    FWlib\src\stm32f10x_rtc.c                0x00000000   Number         0  stm32f10x_rtc.o ABSOLUTE
    FWlib\src\stm32f10x_sdio.c               0x00000000   Number         0  stm32f10x_sdio.o ABSOLUTE
    FWlib\src\stm32f10x_spi.c                0x00000000   Number         0  stm32f10x_spi.o ABSOLUTE
    FWlib\src\stm32f10x_tim.c                0x00000000   Number         0  stm32f10x_tim.o ABSOLUTE
    FWlib\src\stm32f10x_usart.c              0x00000000   Number         0  stm32f10x_usart.o ABSOLUTE
    FWlib\src\stm32f10x_wwdg.c               0x00000000   Number         0  stm32f10x_wwdg.o ABSOLUTE
    Source\APP\app_linewalking.c             0x00000000   Number         0  app_linewalking.o ABSOLUTE
    Source\APP\app_motor.c                   0x00000000   Number         0  app_motor.o ABSOLUTE
    Source\APP\main.c                        0x00000000   Number         0  main.o ABSOLUTE
    Source\BSP\bsp.c                         0x00000000   Number         0  bsp.o ABSOLUTE
    Source\BSP\bsp_colorful.c                0x00000000   Number         0  bsp_colorful.o ABSOLUTE
    Source\BSP\bsp_gpio.c                    0x00000000   Number         0  bsp_gpio.o ABSOLUTE
    Source\BSP\bsp_linewalking.c             0x00000000   Number         0  bsp_linewalking.o ABSOLUTE
    Source\BSP\bsp_motor.c                   0x00000000   Number         0  bsp_motor.o ABSOLUTE
    Source\BSP\bsp_servo.c                   0x00000000   Number         0  bsp_servo.o ABSOLUTE
    Source\BSP\bsp_timer.c                   0x00000000   Number         0  bsp_timer.o ABSOLUTE
    Source\PUBLIC\delay\delay.c              0x00000000   Number         0  delay.o ABSOLUTE
    Source\PUBLIC\sys\sys.c                  0x00000000   Number         0  sys.o ABSOLUTE
    Source\PUBLIC\usart\usart.c              0x00000000   Number         0  usart.o ABSOLUTE
    dc.s                                     0x00000000   Number         0  dc.o ABSOLUTE
    handlers.s                               0x00000000   Number         0  handlers.o ABSOLUTE
    init.s                                   0x00000000   Number         0  init.o ABSOLUTE
    RESET                                    0x08000000   Section      236  startup_stm32f10x_md.o(RESET)
    .ARM.Collect$$$$00000000                 0x080000ec   Section        0  entry.o(.ARM.Collect$$$$00000000)
    .ARM.Collect$$$$00000001                 0x080000ec   Section        4  entry2.o(.ARM.Collect$$$$00000001)
    .ARM.Collect$$$$00000004                 0x080000f0   Section        4  entry5.o(.ARM.Collect$$$$00000004)
    .ARM.Collect$$$$00000008                 0x080000f4   Section        0  entry7b.o(.ARM.Collect$$$$00000008)
    .ARM.Collect$$$$0000000A                 0x080000f4   Section        0  entry8b.o(.ARM.Collect$$$$0000000A)
    .ARM.Collect$$$$0000000B                 0x080000f4   Section        8  entry9a.o(.ARM.Collect$$$$0000000B)
    .ARM.Collect$$$$0000000D                 0x080000fc   Section        0  entry10a.o(.ARM.Collect$$$$0000000D)
    .ARM.Collect$$$$0000000F                 0x080000fc   Section        0  entry11a.o(.ARM.Collect$$$$0000000F)
    .ARM.Collect$$$$00002712                 0x080000fc   Section        4  entry2.o(.ARM.Collect$$$$00002712)
    __lit__00000000                          0x080000fc   Data           4  entry2.o(.ARM.Collect$$$$00002712)
    .text                                    0x08000100   Section       36  startup_stm32f10x_md.o(.text)
    .text                                    0x08000124   Section        0  system_stm32f10x.o(.text)
    SetSysClockTo72                          0x08000125   Thumb Code   214  system_stm32f10x.o(.text)
    SetSysClock                              0x080001fb   Thumb Code     8  system_stm32f10x.o(.text)
    .text                                    0x08000304   Section        0  delay.o(.text)
    .text                                    0x080003d8   Section        0  sys.o(.text)
    .text                                    0x080003e4   Section        0  usart.o(.text)
    .text                                    0x0800063c   Section        0  main.o(.text)
    .text                                    0x08000648   Section        0  app_motor.o(.text)
    .text                                    0x080007e8   Section        0  app_linewalking.o(.text)
    .text                                    0x080008f6   Section        0  bsp.o(.text)
    .text                                    0x08000930   Section        0  bsp_gpio.o(.text)
    .text                                    0x08000a80   Section        0  bsp_motor.o(.text)
    .text                                    0x08000b74   Section        0  bsp_timer.o(.text)
    .text                                    0x08000d68   Section        0  bsp_colorful.o(.text)
    .text                                    0x08000dbc   Section        0  bsp_linewalking.o(.text)
    .text                                    0x08000e04   Section        0  misc.o(.text)
    .text                                    0x08000ee0   Section        0  stm32f10x_gpio.o(.text)
    .text                                    0x0800123c   Section        0  stm32f10x_rcc.o(.text)
    .text                                    0x080015e0   Section        0  stm32f10x_tim.o(.text)
    TI4_Config                               0x08001a87   Thumb Code   130  stm32f10x_tim.o(.text)
    TI3_Config                               0x08001b1b   Thumb Code   122  stm32f10x_tim.o(.text)
    TI2_Config                               0x08001baf   Thumb Code   130  stm32f10x_tim.o(.text)
    TI1_Config                               0x08001c43   Thumb Code   108  stm32f10x_tim.o(.text)
    .text                                    0x080023fc   Section        0  stm32f10x_usart.o(.text)
    .text                                    0x08002804   Section       36  init.o(.text)
    i.__scatterload_copy                     0x08002828   Section       14  handlers.o(i.__scatterload_copy)
    i.__scatterload_null                     0x08002836   Section        2  handlers.o(i.__scatterload_null)
    i.__scatterload_zeroinit                 0x08002838   Section       14  handlers.o(i.__scatterload_zeroinit)
    .data                                    0x20000000   Section       20  system_stm32f10x.o(.data)
    .data                                    0x20000014   Section        4  delay.o(.data)
    fac_us                                   0x20000014   Data           1  delay.o(.data)
    fac_ms                                   0x20000016   Data           2  delay.o(.data)
    .data                                    0x20000018   Section        7  usart.o(.data)
    count                                    0x2000001e   Data           1  usart.o(.data)
    .data                                    0x20000020   Section       24  bsp_servo.o(.data)
    .data                                    0x20000038   Section        4  bsp_timer.o(.data)
    .data                                    0x2000003c   Section       20  stm32f10x_rcc.o(.data)
    APBAHBPrescTable                         0x2000003c   Data          16  stm32f10x_rcc.o(.data)
    ADCPrescTable                            0x2000004c   Data           4  stm32f10x_rcc.o(.data)
    .bss                                     0x20000050   Section       36  usart.o(.bss)
    STACK                                    0x20000078   Section     1024  startup_stm32f10x_md.o(STACK)

    Global Symbols

    Symbol Name                              Value     Ov Type        Size  Object(Section)

    BuildAttributes$$THM_ISAv4$P$D$K$B$S$PE$A:L22UL41UL21$X:L11$S22US41US21$IEEE1$IW$USESV6$~STKCKD$USESV7$~SHL$OSPACE$EBA8$MICROLIB$REQ8$PRES8$EABIv2 0x00000000   Number         0  anon$$obj.o ABSOLUTE
    __ARM_use_no_argv                        0x00000000   Number         0  main.o ABSOLUTE
    __cpp_initialize__aeabi_                  - Undefined Weak Reference
    __cxa_finalize                            - Undefined Weak Reference
    __decompress                              - Undefined Weak Reference
    _clock_init                               - Undefined Weak Reference
    _microlib_exit                            - Undefined Weak Reference
    __Vectors_Size                           0x000000ec   Number         0  startup_stm32f10x_md.o ABSOLUTE
    __Vectors                                0x08000000   Data           4  startup_stm32f10x_md.o(RESET)
    __Vectors_End                            0x080000ec   Data           0  startup_stm32f10x_md.o(RESET)
    __main                                   0x080000ed   Thumb Code     0  entry.o(.ARM.Collect$$$$00000000)
    _main_stk                                0x080000ed   Thumb Code     0  entry2.o(.ARM.Collect$$$$00000001)
    _main_scatterload                        0x080000f1   Thumb Code     0  entry5.o(.ARM.Collect$$$$00000004)
    __main_after_scatterload                 0x080000f5   Thumb Code     0  entry5.o(.ARM.Collect$$$$00000004)
    _main_clock                              0x080000f5   Thumb Code     0  entry7b.o(.ARM.Collect$$$$00000008)
    _main_cpp_init                           0x080000f5   Thumb Code     0  entry8b.o(.ARM.Collect$$$$0000000A)
    _main_init                               0x080000f5   Thumb Code     0  entry9a.o(.ARM.Collect$$$$0000000B)
    __rt_final_cpp                           0x080000fd   Thumb Code     0  entry10a.o(.ARM.Collect$$$$0000000D)
    __rt_final_exit                          0x080000fd   Thumb Code     0  entry11a.o(.ARM.Collect$$$$0000000F)
    Reset_Handler                            0x08000101   Thumb Code     8  startup_stm32f10x_md.o(.text)
    NMI_Handler                              0x08000109   Thumb Code     2  startup_stm32f10x_md.o(.text)
    HardFault_Handler                        0x0800010b   Thumb Code     2  startup_stm32f10x_md.o(.text)
    MemManage_Handler                        0x0800010d   Thumb Code     2  startup_stm32f10x_md.o(.text)
    BusFault_Handler                         0x0800010f   Thumb Code     2  startup_stm32f10x_md.o(.text)
    UsageFault_Handler                       0x08000111   Thumb Code     2  startup_stm32f10x_md.o(.text)
    SVC_Handler                              0x08000113   Thumb Code     2  startup_stm32f10x_md.o(.text)
    DebugMon_Handler                         0x08000115   Thumb Code     2  startup_stm32f10x_md.o(.text)
    PendSV_Handler                           0x08000117   Thumb Code     2  startup_stm32f10x_md.o(.text)
    SysTick_Handler                          0x08000119   Thumb Code     2  startup_stm32f10x_md.o(.text)
    ADC1_2_IRQHandler                        0x0800011b   Thumb Code     0  startup_stm32f10x_md.o(.text)
    CAN1_RX1_IRQHandler                      0x0800011b   Thumb Code     0  startup_stm32f10x_md.o(.text)
    CAN1_SCE_IRQHandler                      0x0800011b   Thumb Code     0  startup_stm32f10x_md.o(.text)
    DMA1_Channel1_IRQHandler                 0x0800011b   Thumb Code     0  startup_stm32f10x_md.o(.text)
    DMA1_Channel2_IRQHandler                 0x0800011b   Thumb Code     0  startup_stm32f10x_md.o(.text)
    DMA1_Channel3_IRQHandler                 0x0800011b   Thumb Code     0  startup_stm32f10x_md.o(.text)
    DMA1_Channel4_IRQHandler                 0x0800011b   Thumb Code     0  startup_stm32f10x_md.o(.text)
    DMA1_Channel5_IRQHandler                 0x0800011b   Thumb Code     0  startup_stm32f10x_md.o(.text)
    DMA1_Channel6_IRQHandler                 0x0800011b   Thumb Code     0  startup_stm32f10x_md.o(.text)
    DMA1_Channel7_IRQHandler                 0x0800011b   Thumb Code     0  startup_stm32f10x_md.o(.text)
    EXTI0_IRQHandler                         0x0800011b   Thumb Code     0  startup_stm32f10x_md.o(.text)
    EXTI15_10_IRQHandler                     0x0800011b   Thumb Code     0  startup_stm32f10x_md.o(.text)
    EXTI1_IRQHandler                         0x0800011b   Thumb Code     0  startup_stm32f10x_md.o(.text)
    EXTI2_IRQHandler                         0x0800011b   Thumb Code     0  startup_stm32f10x_md.o(.text)
    EXTI3_IRQHandler                         0x0800011b   Thumb Code     0  startup_stm32f10x_md.o(.text)
    EXTI4_IRQHandler                         0x0800011b   Thumb Code     0  startup_stm32f10x_md.o(.text)
    EXTI9_5_IRQHandler                       0x0800011b   Thumb Code     0  startup_stm32f10x_md.o(.text)
    FLASH_IRQHandler                         0x0800011b   Thumb Code     0  startup_stm32f10x_md.o(.text)
    I2C1_ER_IRQHandler                       0x0800011b   Thumb Code     0  startup_stm32f10x_md.o(.text)
    I2C1_EV_IRQHandler                       0x0800011b   Thumb Code     0  startup_stm32f10x_md.o(.text)
    I2C2_ER_IRQHandler                       0x0800011b   Thumb Code     0  startup_stm32f10x_md.o(.text)
    I2C2_EV_IRQHandler                       0x0800011b   Thumb Code     0  startup_stm32f10x_md.o(.text)
    PVD_IRQHandler                           0x0800011b   Thumb Code     0  startup_stm32f10x_md.o(.text)
    RCC_IRQHandler                           0x0800011b   Thumb Code     0  startup_stm32f10x_md.o(.text)
    RTCAlarm_IRQHandler                      0x0800011b   Thumb Code     0  startup_stm32f10x_md.o(.text)
    RTC_IRQHandler                           0x0800011b   Thumb Code     0  startup_stm32f10x_md.o(.text)
    SPI1_IRQHandler                          0x0800011b   Thumb Code     0  startup_stm32f10x_md.o(.text)
    SPI2_IRQHandler                          0x0800011b   Thumb Code     0  startup_stm32f10x_md.o(.text)
    TAMPER_IRQHandler                        0x0800011b   Thumb Code     0  startup_stm32f10x_md.o(.text)
    TIM1_BRK_IRQHandler                      0x0800011b   Thumb Code     0  startup_stm32f10x_md.o(.text)
    TIM1_CC_IRQHandler                       0x0800011b   Thumb Code     0  startup_stm32f10x_md.o(.text)
    TIM1_TRG_COM_IRQHandler                  0x0800011b   Thumb Code     0  startup_stm32f10x_md.o(.text)
    TIM2_IRQHandler                          0x0800011b   Thumb Code     0  startup_stm32f10x_md.o(.text)
    TIM3_IRQHandler                          0x0800011b   Thumb Code     0  startup_stm32f10x_md.o(.text)
    TIM4_IRQHandler                          0x0800011b   Thumb Code     0  startup_stm32f10x_md.o(.text)
    USART1_IRQHandler                        0x0800011b   Thumb Code     0  startup_stm32f10x_md.o(.text)
    USART3_IRQHandler                        0x0800011b   Thumb Code     0  startup_stm32f10x_md.o(.text)
    USBWakeUp_IRQHandler                     0x0800011b   Thumb Code     0  startup_stm32f10x_md.o(.text)
    USB_HP_CAN1_TX_IRQHandler                0x0800011b   Thumb Code     0  startup_stm32f10x_md.o(.text)
    USB_LP_CAN1_RX0_IRQHandler               0x0800011b   Thumb Code     0  startup_stm32f10x_md.o(.text)
    WWDG_IRQHandler                          0x0800011b   Thumb Code     0  startup_stm32f10x_md.o(.text)
    SystemInit                               0x08000203   Thumb Code    78  system_stm32f10x.o(.text)
    SystemCoreClockUpdate                    0x08000251   Thumb Code   142  system_stm32f10x.o(.text)
    delay_init                               0x08000305   Thumb Code    50  delay.o(.text)
    delay_us                                 0x08000337   Thumb Code    72  delay.o(.text)
    delay_ms                                 0x0800037f   Thumb Code    72  delay.o(.text)
    NVIC_Configuration                       0x080003d9   Thumb Code    12  sys.o(.text)
    uart_init                                0x080003e5   Thumb Code   160  usart.o(.text)
    receive_del                              0x08000485   Thumb Code   106  usart.o(.text)
    USART2_IRQHandler                        0x080004ef   Thumb Code   302  usart.o(.text)
    main                                     0x0800063d   Thumb Code    12  main.o(.text)
    Car_Run                                  0x08000649   Thumb Code    58  app_motor.o(.text)
    Car_Back                                 0x08000683   Thumb Code    58  app_motor.o(.text)
    Car_Left                                 0x080006bd   Thumb Code    58  app_motor.o(.text)
    Car_Right                                0x080006f7   Thumb Code    58  app_motor.o(.text)
    Car_Stop                                 0x08000731   Thumb Code    56  app_motor.o(.text)
    Car_SpinLeft                             0x08000769   Thumb Code    60  app_motor.o(.text)
    Car_SpinRight                            0x080007a5   Thumb Code    60  app_motor.o(.text)
    app_LineWalking                          0x080007e9   Thumb Code   270  app_linewalking.o(.text)
    bsp_init                                 0x080008f7   Thumb Code    58  bsp.o(.text)
    MOTOR_GPIO_Init                          0x08000931   Thumb Code    66  bsp_gpio.o(.text)
    Colorful_GPIO_Init                       0x08000973   Thumb Code   106  bsp_gpio.o(.text)
    LineWalking_GPIO_Init                    0x080009dd   Thumb Code   148  bsp_gpio.o(.text)
    Motor_PWM_Init                           0x08000a81   Thumb Code   236  bsp_motor.o(.text)
    TIM1_Int_Init                            0x08000b75   Thumb Code    98  bsp_timer.o(.text)
    TIM1_UP_IRQHandler                       0x08000bd7   Thumb Code   362  bsp_timer.o(.text)
    Colorful_Control                         0x08000d69   Thumb Code    76  bsp_colorful.o(.text)
    bsp_GetLineWalking                       0x08000dbd   Thumb Code    64  bsp_linewalking.o(.text)
    NVIC_PriorityGroupConfig                 0x08000e05   Thumb Code    10  misc.o(.text)
    NVIC_Init                                0x08000e0f   Thumb Code   100  misc.o(.text)
    NVIC_SetVectorTable                      0x08000e73   Thumb Code    14  misc.o(.text)
    NVIC_SystemLPConfig                      0x08000e81   Thumb Code    34  misc.o(.text)
    SysTick_CLKSourceConfig                  0x08000ea3   Thumb Code    40  misc.o(.text)
    GPIO_DeInit                              0x08000ee1   Thumb Code   172  stm32f10x_gpio.o(.text)
    GPIO_AFIODeInit                          0x08000f8d   Thumb Code    20  stm32f10x_gpio.o(.text)
    GPIO_Init                                0x08000fa1   Thumb Code   278  stm32f10x_gpio.o(.text)
    GPIO_StructInit                          0x080010b7   Thumb Code    16  stm32f10x_gpio.o(.text)
    GPIO_ReadInputDataBit                    0x080010c7   Thumb Code    18  stm32f10x_gpio.o(.text)
    GPIO_ReadInputData                       0x080010d9   Thumb Code     8  stm32f10x_gpio.o(.text)
    GPIO_ReadOutputDataBit                   0x080010e1   Thumb Code    18  stm32f10x_gpio.o(.text)
    GPIO_ReadOutputData                      0x080010f3   Thumb Code     8  stm32f10x_gpio.o(.text)
    GPIO_SetBits                             0x080010fb   Thumb Code     4  stm32f10x_gpio.o(.text)
    GPIO_ResetBits                           0x080010ff   Thumb Code     4  stm32f10x_gpio.o(.text)
    GPIO_WriteBit                            0x08001103   Thumb Code    10  stm32f10x_gpio.o(.text)
    GPIO_Write                               0x0800110d   Thumb Code     4  stm32f10x_gpio.o(.text)
    GPIO_PinLockConfig                       0x08001111   Thumb Code    18  stm32f10x_gpio.o(.text)
    GPIO_EventOutputConfig                   0x08001123   Thumb Code    26  stm32f10x_gpio.o(.text)
    GPIO_EventOutputCmd                      0x0800113d   Thumb Code     6  stm32f10x_gpio.o(.text)
    GPIO_PinRemapConfig                      0x08001143   Thumb Code   138  stm32f10x_gpio.o(.text)
    GPIO_EXTILineConfig                      0x080011cd   Thumb Code    66  stm32f10x_gpio.o(.text)
    GPIO_ETH_MediaInterfaceConfig            0x0800120f   Thumb Code     8  stm32f10x_gpio.o(.text)
    RCC_DeInit                               0x0800123d   Thumb Code    64  stm32f10x_rcc.o(.text)
    RCC_HSEConfig                            0x0800127d   Thumb Code    70  stm32f10x_rcc.o(.text)
    RCC_GetFlagStatus                        0x080012c3   Thumb Code    56  stm32f10x_rcc.o(.text)
    RCC_WaitForHSEStartUp                    0x080012fb   Thumb Code    56  stm32f10x_rcc.o(.text)
    RCC_AdjustHSICalibrationValue            0x08001333   Thumb Code    20  stm32f10x_rcc.o(.text)
    RCC_HSICmd                               0x08001347   Thumb Code     6  stm32f10x_rcc.o(.text)
    RCC_PLLConfig                            0x0800134d   Thumb Code    24  stm32f10x_rcc.o(.text)
    RCC_PLLCmd                               0x08001365   Thumb Code     6  stm32f10x_rcc.o(.text)
    RCC_SYSCLKConfig                         0x0800136b   Thumb Code    18  stm32f10x_rcc.o(.text)
    RCC_GetSYSCLKSource                      0x0800137d   Thumb Code    10  stm32f10x_rcc.o(.text)
    RCC_HCLKConfig                           0x08001387   Thumb Code    18  stm32f10x_rcc.o(.text)
    RCC_PCLK1Config                          0x08001399   Thumb Code    18  stm32f10x_rcc.o(.text)
    RCC_PCLK2Config                          0x080013ab   Thumb Code    20  stm32f10x_rcc.o(.text)
    RCC_ITConfig                             0x080013bf   Thumb Code    26  stm32f10x_rcc.o(.text)
    RCC_USBCLKConfig                         0x080013d9   Thumb Code     8  stm32f10x_rcc.o(.text)
    RCC_ADCCLKConfig                         0x080013e1   Thumb Code    18  stm32f10x_rcc.o(.text)
    RCC_LSEConfig                            0x080013f3   Thumb Code    50  stm32f10x_rcc.o(.text)
    RCC_LSICmd                               0x08001425   Thumb Code     6  stm32f10x_rcc.o(.text)
    RCC_RTCCLKConfig                         0x0800142b   Thumb Code    12  stm32f10x_rcc.o(.text)
    RCC_RTCCLKCmd                            0x08001437   Thumb Code     8  stm32f10x_rcc.o(.text)
    RCC_GetClocksFreq                        0x0800143f   Thumb Code   192  stm32f10x_rcc.o(.text)
    RCC_AHBPeriphClockCmd                    0x080014ff   Thumb Code    26  stm32f10x_rcc.o(.text)
    RCC_APB2PeriphClockCmd                   0x08001519   Thumb Code    26  stm32f10x_rcc.o(.text)
    RCC_APB1PeriphClockCmd                   0x08001533   Thumb Code    26  stm32f10x_rcc.o(.text)
    RCC_APB2PeriphResetCmd                   0x0800154d   Thumb Code    26  stm32f10x_rcc.o(.text)
    RCC_APB1PeriphResetCmd                   0x08001567   Thumb Code    26  stm32f10x_rcc.o(.text)
    RCC_BackupResetCmd                       0x08001581   Thumb Code     8  stm32f10x_rcc.o(.text)
    RCC_ClockSecuritySystemCmd               0x08001589   Thumb Code     6  stm32f10x_rcc.o(.text)
    RCC_MCOConfig                            0x0800158f   Thumb Code     6  stm32f10x_rcc.o(.text)
    RCC_ClearFlag                            0x08001595   Thumb Code    14  stm32f10x_rcc.o(.text)
    RCC_GetITStatus                          0x080015a3   Thumb Code    20  stm32f10x_rcc.o(.text)
    RCC_ClearITPendingBit                    0x080015b7   Thumb Code     6  stm32f10x_rcc.o(.text)
    TIM_DeInit                               0x080015e1   Thumb Code   424  stm32f10x_tim.o(.text)
    TIM_TimeBaseInit                         0x08001789   Thumb Code   122  stm32f10x_tim.o(.text)
    TIM_OC1Init                              0x08001803   Thumb Code   132  stm32f10x_tim.o(.text)
    TIM_OC2Init                              0x08001887   Thumb Code   154  stm32f10x_tim.o(.text)
    TIM_OC3Init                              0x08001921   Thumb Code   150  stm32f10x_tim.o(.text)
    TIM_OC4Init                              0x080019b7   Thumb Code   182  stm32f10x_tim.o(.text)
    TIM_SetIC4Prescaler                      0x08001a6d   Thumb Code    26  stm32f10x_tim.o(.text)
    TIM_SetIC3Prescaler                      0x08001b09   Thumb Code    18  stm32f10x_tim.o(.text)
    TIM_SetIC2Prescaler                      0x08001b95   Thumb Code    26  stm32f10x_tim.o(.text)
    TIM_SetIC1Prescaler                      0x08001c31   Thumb Code    18  stm32f10x_tim.o(.text)
    TIM_ICInit                               0x08001caf   Thumb Code   150  stm32f10x_tim.o(.text)
    TIM_PWMIConfig                           0x08001d45   Thumb Code   124  stm32f10x_tim.o(.text)
    TIM_BDTRConfig                           0x08001dc1   Thumb Code    32  stm32f10x_tim.o(.text)
    TIM_TimeBaseStructInit                   0x08001de1   Thumb Code    18  stm32f10x_tim.o(.text)
    TIM_OCStructInit                         0x08001df3   Thumb Code    20  stm32f10x_tim.o(.text)
    TIM_ICStructInit                         0x08001e07   Thumb Code    18  stm32f10x_tim.o(.text)
    TIM_BDTRStructInit                       0x08001e19   Thumb Code    40  stm32f10x_tim.o(.text)
    TIM_Cmd                                  0x08001e41   Thumb Code    24  stm32f10x_tim.o(.text)
    TIM_CtrlPWMOutputs                       0x08001e59   Thumb Code    30  stm32f10x_tim.o(.text)
    TIM_ITConfig                             0x08001e77   Thumb Code    18  stm32f10x_tim.o(.text)
    TIM_GenerateEvent                        0x08001e89   Thumb Code     4  stm32f10x_tim.o(.text)
    TIM_DMAConfig                            0x08001e8d   Thumb Code    10  stm32f10x_tim.o(.text)
    TIM_DMACmd                               0x08001e97   Thumb Code    18  stm32f10x_tim.o(.text)
    TIM_InternalClockConfig                  0x08001ea9   Thumb Code    12  stm32f10x_tim.o(.text)
    TIM_SelectInputTrigger                   0x08001eb5   Thumb Code    18  stm32f10x_tim.o(.text)
    TIM_ITRxExternalClockConfig              0x08001ec7   Thumb Code    24  stm32f10x_tim.o(.text)
    TIM_TIxExternalClockConfig               0x08001edf   Thumb Code    62  stm32f10x_tim.o(.text)
    TIM_ETRConfig                            0x08001f1d   Thumb Code    28  stm32f10x_tim.o(.text)
    TIM_ETRClockMode1Config                  0x08001f39   Thumb Code    54  stm32f10x_tim.o(.text)
    TIM_ETRClockMode2Config                  0x08001f6f   Thumb Code    32  stm32f10x_tim.o(.text)
    TIM_PrescalerConfig                      0x08001f8f   Thumb Code     6  stm32f10x_tim.o(.text)
    TIM_CounterModeConfig                    0x08001f95   Thumb Code    18  stm32f10x_tim.o(.text)
    TIM_EncoderInterfaceConfig               0x08001fa7   Thumb Code    66  stm32f10x_tim.o(.text)
    TIM_ForcedOC1Config                      0x08001fe9   Thumb Code    18  stm32f10x_tim.o(.text)
    TIM_ForcedOC2Config                      0x08001ffb   Thumb Code    26  stm32f10x_tim.o(.text)
    TIM_ForcedOC3Config                      0x08002015   Thumb Code    18  stm32f10x_tim.o(.text)
    TIM_ForcedOC4Config                      0x08002027   Thumb Code    26  stm32f10x_tim.o(.text)
    TIM_ARRPreloadConfig                     0x08002041   Thumb Code    24  stm32f10x_tim.o(.text)
    TIM_SelectCOM                            0x08002059   Thumb Code    24  stm32f10x_tim.o(.text)
    TIM_SelectCCDMA                          0x08002071   Thumb Code    24  stm32f10x_tim.o(.text)
    TIM_CCPreloadControl                     0x08002089   Thumb Code    24  stm32f10x_tim.o(.text)
    TIM_OC1PreloadConfig                     0x080020a1   Thumb Code    18  stm32f10x_tim.o(.text)
    TIM_OC2PreloadConfig                     0x080020b3   Thumb Code    26  stm32f10x_tim.o(.text)
    TIM_OC3PreloadConfig                     0x080020cd   Thumb Code    18  stm32f10x_tim.o(.text)
    TIM_OC4PreloadConfig                     0x080020df   Thumb Code    26  stm32f10x_tim.o(.text)
    TIM_OC1FastConfig                        0x080020f9   Thumb Code    18  stm32f10x_tim.o(.text)
    TIM_OC2FastConfig                        0x0800210b   Thumb Code    26  stm32f10x_tim.o(.text)
    TIM_OC3FastConfig                        0x08002125   Thumb Code    18  stm32f10x_tim.o(.text)
    TIM_OC4FastConfig                        0x08002137   Thumb Code    26  stm32f10x_tim.o(.text)
    TIM_ClearOC1Ref                          0x08002151   Thumb Code    18  stm32f10x_tim.o(.text)
    TIM_ClearOC2Ref                          0x08002163   Thumb Code    24  stm32f10x_tim.o(.text)
    TIM_ClearOC3Ref                          0x0800217b   Thumb Code    18  stm32f10x_tim.o(.text)
    TIM_ClearOC4Ref                          0x0800218d   Thumb Code    24  stm32f10x_tim.o(.text)
    TIM_OC1PolarityConfig                    0x080021a5   Thumb Code    18  stm32f10x_tim.o(.text)
    TIM_OC1NPolarityConfig                   0x080021b7   Thumb Code    18  stm32f10x_tim.o(.text)
    TIM_OC2PolarityConfig                    0x080021c9   Thumb Code    26  stm32f10x_tim.o(.text)
    TIM_OC2NPolarityConfig                   0x080021e3   Thumb Code    26  stm32f10x_tim.o(.text)
    TIM_OC3PolarityConfig                    0x080021fd   Thumb Code    26  stm32f10x_tim.o(.text)
    TIM_OC3NPolarityConfig                   0x08002217   Thumb Code    26  stm32f10x_tim.o(.text)
    TIM_OC4PolarityConfig                    0x08002231   Thumb Code    26  stm32f10x_tim.o(.text)
    TIM_CCxCmd                               0x0800224b   Thumb Code    30  stm32f10x_tim.o(.text)
    TIM_CCxNCmd                              0x08002269   Thumb Code    30  stm32f10x_tim.o(.text)
    TIM_SelectOCxM                           0x08002287   Thumb Code    82  stm32f10x_tim.o(.text)
    TIM_UpdateDisableConfig                  0x080022d9   Thumb Code    24  stm32f10x_tim.o(.text)
    TIM_UpdateRequestConfig                  0x080022f1   Thumb Code    24  stm32f10x_tim.o(.text)
    TIM_SelectHallSensor                     0x08002309   Thumb Code    24  stm32f10x_tim.o(.text)
    TIM_SelectOnePulseMode                   0x08002321   Thumb Code    18  stm32f10x_tim.o(.text)
    TIM_SelectOutputTrigger                  0x08002333   Thumb Code    18  stm32f10x_tim.o(.text)
    TIM_SelectSlaveMode                      0x08002345   Thumb Code    18  stm32f10x_tim.o(.text)
    TIM_SelectMasterSlaveMode                0x08002357   Thumb Code    18  stm32f10x_tim.o(.text)
    TIM_SetCounter                           0x08002369   Thumb Code     4  stm32f10x_tim.o(.text)
    TIM_SetAutoreload                        0x0800236d   Thumb Code     4  stm32f10x_tim.o(.text)
    TIM_SetCompare1                          0x08002371   Thumb Code     4  stm32f10x_tim.o(.text)
    TIM_SetCompare2                          0x08002375   Thumb Code     4  stm32f10x_tim.o(.text)
    TIM_SetCompare3                          0x08002379   Thumb Code     4  stm32f10x_tim.o(.text)
    TIM_SetCompare4                          0x0800237d   Thumb Code     6  stm32f10x_tim.o(.text)
    TIM_SetClockDivision                     0x08002383   Thumb Code    18  stm32f10x_tim.o(.text)
    TIM_GetCapture1                          0x08002395   Thumb Code     6  stm32f10x_tim.o(.text)
    TIM_GetCapture2                          0x0800239b   Thumb Code     6  stm32f10x_tim.o(.text)
    TIM_GetCapture3                          0x080023a1   Thumb Code     6  stm32f10x_tim.o(.text)
    TIM_GetCapture4                          0x080023a7   Thumb Code     8  stm32f10x_tim.o(.text)
    TIM_GetCounter                           0x080023af   Thumb Code     6  stm32f10x_tim.o(.text)
    TIM_GetPrescaler                         0x080023b5   Thumb Code     6  stm32f10x_tim.o(.text)
    TIM_GetFlagStatus                        0x080023bb   Thumb Code    18  stm32f10x_tim.o(.text)
    TIM_ClearFlag                            0x080023cd   Thumb Code     6  stm32f10x_tim.o(.text)
    TIM_GetITStatus                          0x080023d3   Thumb Code    34  stm32f10x_tim.o(.text)
    TIM_ClearITPendingBit                    0x080023f5   Thumb Code     6  stm32f10x_tim.o(.text)
    USART_DeInit                             0x080023fd   Thumb Code   134  stm32f10x_usart.o(.text)
    USART_Init                               0x08002483   Thumb Code   210  stm32f10x_usart.o(.text)
    USART_StructInit                         0x08002555   Thumb Code    24  stm32f10x_usart.o(.text)
    USART_ClockInit                          0x0800256d   Thumb Code    34  stm32f10x_usart.o(.text)
    USART_ClockStructInit                    0x0800258f   Thumb Code    12  stm32f10x_usart.o(.text)
    USART_Cmd                                0x0800259b   Thumb Code    24  stm32f10x_usart.o(.text)
    USART_ITConfig                           0x080025b3   Thumb Code    74  stm32f10x_usart.o(.text)
    USART_DMACmd                             0x080025fd   Thumb Code    18  stm32f10x_usart.o(.text)
    USART_SetAddress                         0x0800260f   Thumb Code    18  stm32f10x_usart.o(.text)
    USART_WakeUpConfig                       0x08002621   Thumb Code    18  stm32f10x_usart.o(.text)
    USART_ReceiverWakeUpCmd                  0x08002633   Thumb Code    24  stm32f10x_usart.o(.text)
    USART_LINBreakDetectLengthConfig         0x0800264b   Thumb Code    18  stm32f10x_usart.o(.text)
    USART_LINCmd                             0x0800265d   Thumb Code    24  stm32f10x_usart.o(.text)
    USART_SendData                           0x08002675   Thumb Code     8  stm32f10x_usart.o(.text)
    USART_ReceiveData                        0x0800267d   Thumb Code    10  stm32f10x_usart.o(.text)
    USART_SendBreak                          0x08002687   Thumb Code    10  stm32f10x_usart.o(.text)
    USART_SetGuardTime                       0x08002691   Thumb Code    16  stm32f10x_usart.o(.text)
    USART_SetPrescaler                       0x080026a1   Thumb Code    16  stm32f10x_usart.o(.text)
    USART_SmartCardCmd                       0x080026b1   Thumb Code    24  stm32f10x_usart.o(.text)
    USART_SmartCardNACKCmd                   0x080026c9   Thumb Code    24  stm32f10x_usart.o(.text)
    USART_HalfDuplexCmd                      0x080026e1   Thumb Code    24  stm32f10x_usart.o(.text)
    USART_OverSampling8Cmd                   0x080026f9   Thumb Code    22  stm32f10x_usart.o(.text)
    USART_OneBitMethodCmd                    0x0800270f   Thumb Code    24  stm32f10x_usart.o(.text)
    USART_IrDAConfig                         0x08002727   Thumb Code    18  stm32f10x_usart.o(.text)
    USART_IrDACmd                            0x08002739   Thumb Code    24  stm32f10x_usart.o(.text)
    USART_GetFlagStatus                      0x08002751   Thumb Code    26  stm32f10x_usart.o(.text)
    USART_ClearFlag                          0x0800276b   Thumb Code    18  stm32f10x_usart.o(.text)
    USART_GetITStatus                        0x0800277d   Thumb Code    84  stm32f10x_usart.o(.text)
    USART_ClearITPendingBit                  0x080027d1   Thumb Code    52  stm32f10x_usart.o(.text)
    __scatterload                            0x08002805   Thumb Code    28  init.o(.text)
    __scatterload_rt2                        0x08002805   Thumb Code     0  init.o(.text)
    __scatterload_copy                       0x08002829   Thumb Code    14  handlers.o(i.__scatterload_copy)
    __scatterload_null                       0x08002837   Thumb Code     2  handlers.o(i.__scatterload_null)
    __scatterload_zeroinit                   0x08002839   Thumb Code    14  handlers.o(i.__scatterload_zeroinit)
    Region$$Table$$Base                      0x08002848   Number         0  anon$$obj.o(Region$$Table)
    Region$$Table$$Limit                     0x08002868   Number         0  anon$$obj.o(Region$$Table)
    SystemCoreClock                          0x20000000   Data           4  system_stm32f10x.o(.data)
    AHBPrescTable                            0x20000004   Data          16  system_stm32f10x.o(.data)
    receive_ok                               0x20000018   Data           1  usart.o(.data)
    attention                                0x20000019   Data           1  usart.o(.data)
    meditation                               0x2000001a   Data           1  usart.o(.data)
    Checksum                                 0x2000001c   Data           2  usart.o(.data)
    Angle_J1                                 0x20000020   Data           4  bsp_servo.o(.data)
    Angle_J2                                 0x20000024   Data           4  bsp_servo.o(.data)
    Angle_J3                                 0x20000028   Data           4  bsp_servo.o(.data)
    Angle_J4                                 0x2000002c   Data           4  bsp_servo.o(.data)
    Angle_J5                                 0x20000030   Data           4  bsp_servo.o(.data)
    Angle_J6                                 0x20000034   Data           4  bsp_servo.o(.data)
    num                                      0x20000038   Data           4  bsp_timer.o(.data)
    receive                                  0x20000050   Data          36  usart.o(.bss)
    __initial_sp                             0x20000478   Data           0  startup_stm32f10x_md.o(STACK)



==============================================================================

Memory Map of the image

  Image Entry point : 0x080000ed

  Load Region LR_IROM1 (Base: 0x08000000, Size: 0x000028b8, Max: 0x00010000, ABSOLUTE)

    Execution Region ER_IROM1 (Exec base: 0x08000000, Load base: 0x08000000, Size: 0x00002868, Max: 0x00010000, ABSOLUTE)

    Exec Addr    Load Addr    Size         Type   Attr      Idx    E Section Name        Object

    0x08000000   0x08000000   0x000000ec   Data   RO            3    RESET               startup_stm32f10x_md.o
    0x080000ec   0x080000ec   0x00000000   Code   RO          652  * .ARM.Collect$$$$00000000  mc_w.l(entry.o)
    0x080000ec   0x080000ec   0x00000004   Code   RO          655    .ARM.Collect$$$$00000001  mc_w.l(entry2.o)
    0x080000f0   0x080000f0   0x00000004   Code   RO          658    .ARM.Collect$$$$00000004  mc_w.l(entry5.o)
    0x080000f4   0x080000f4   0x00000000   Code   RO          660    .ARM.Collect$$$$00000008  mc_w.l(entry7b.o)
    0x080000f4   0x080000f4   0x00000000   Code   RO          662    .ARM.Collect$$$$0000000A  mc_w.l(entry8b.o)
    0x080000f4   0x080000f4   0x00000008   Code   RO          663    .ARM.Collect$$$$0000000B  mc_w.l(entry9a.o)
    0x080000fc   0x080000fc   0x00000000   Code   RO          665    .ARM.Collect$$$$0000000D  mc_w.l(entry10a.o)
    0x080000fc   0x080000fc   0x00000000   Code   RO          667    .ARM.Collect$$$$0000000F  mc_w.l(entry11a.o)
    0x080000fc   0x080000fc   0x00000004   Code   RO          656    .ARM.Collect$$$$00002712  mc_w.l(entry2.o)
    0x08000100   0x08000100   0x00000024   Code   RO            4    .text               startup_stm32f10x_md.o
    0x08000124   0x08000124   0x000001e0   Code   RO           24    .text               system_stm32f10x.o
    0x08000304   0x08000304   0x000000d4   Code   RO           73    .text               delay.o
    0x080003d8   0x080003d8   0x0000000c   Code   RO          107    .text               sys.o
    0x080003e4   0x080003e4   0x00000258   Code   RO          122    .text               usart.o
    0x0800063c   0x0800063c   0x0000000c   Code   RO          144    .text               main.o
    0x08000648   0x08000648   0x000001a0   Code   RO          187    .text               app_motor.o
    0x080007e8   0x080007e8   0x0000010e   Code   RO          199    .text               app_linewalking.o
    0x080008f6   0x080008f6   0x0000003a   Code   RO          211    .text               bsp.o
    0x08000930   0x08000930   0x00000150   Code   RO          242    .text               bsp_gpio.o
    0x08000a80   0x08000a80   0x000000f4   Code   RO          263    .text               bsp_motor.o
    0x08000b74   0x08000b74   0x000001f4   Code   RO          293    .text               bsp_timer.o
    0x08000d68   0x08000d68   0x00000054   Code   RO          308    .text               bsp_colorful.o
    0x08000dbc   0x08000dbc   0x00000048   Code   RO          320    .text               bsp_linewalking.o
    0x08000e04   0x08000e04   0x000000dc   Code   RO          332    .text               misc.o
    0x08000ee0   0x08000ee0   0x0000035c   Code   RO          503    .text               stm32f10x_gpio.o
    0x0800123c   0x0800123c   0x000003a4   Code   RO          554    .text               stm32f10x_rcc.o
    0x080015e0   0x080015e0   0x00000e1a   Code   RO          613    .text               stm32f10x_tim.o
    0x080023fa   0x080023fa   0x00000002   PAD
    0x080023fc   0x080023fc   0x00000408   Code   RO          625    .text               stm32f10x_usart.o
    0x08002804   0x08002804   0x00000024   Code   RO          669    .text               mc_w.l(init.o)
    0x08002828   0x08002828   0x0000000e   Code   RO          673    i.__scatterload_copy  mc_w.l(handlers.o)
    0x08002836   0x08002836   0x00000002   Code   RO          674    i.__scatterload_null  mc_w.l(handlers.o)
    0x08002838   0x08002838   0x0000000e   Code   RO          675    i.__scatterload_zeroinit  mc_w.l(handlers.o)
    0x08002846   0x08002846   0x00000002   PAD
    0x08002848   0x08002848   0x00000020   Data   RO          671    Region$$Table       anon$$obj.o


    Execution Region RW_IRAM1 (Exec base: 0x20000000, Load base: 0x08002868, Size: 0x00000478, Max: 0x00005000, ABSOLUTE)

    Exec Addr    Load Addr    Size         Type   Attr      Idx    E Section Name        Object

    0x20000000   0x08002868   0x00000014   Data   RW           25    .data               system_stm32f10x.o
    0x20000014   0x0800287c   0x00000004   Data   RW           74    .data               delay.o
    0x20000018   0x08002880   0x00000007   Data   RW          124    .data               usart.o
    0x2000001f   0x08002887   0x00000001   PAD
    0x20000020   0x08002888   0x00000018   Data   RW          276    .data               bsp_servo.o
    0x20000038   0x080028a0   0x00000004   Data   RW          294    .data               bsp_timer.o
    0x2000003c   0x080028a4   0x00000014   Data   RW          555    .data               stm32f10x_rcc.o
    0x20000050        -       0x00000024   Zero   RW          123    .bss                usart.o
    0x20000074   0x080028b8   0x00000004   PAD
    0x20000078        -       0x00000400   Zero   RW            1    STACK               startup_stm32f10x_md.o


==============================================================================

Image component sizes


      Code (inc. data)   RO Data    RW Data    ZI Data      Debug   Object Name

       270          0          0          0          0        926   app_linewalking.o
       416          8          0          0          0       1770   app_motor.o
        58          0          0          0          0        567   bsp.o
        84          8          0          0          0        775   bsp_colorful.o
       336         16          0          0          0       1095   bsp_gpio.o
        72          8          0          0          0        785   bsp_linewalking.o
       244          8          0          0          0       1009   bsp_motor.o
         0          0          0         24          0        504   bsp_servo.o
       500         40          0          4          0       1337   bsp_timer.o
         0          0          0          0          0       4508   core_cm3.o
       212         18          0          4          0     204835   delay.o
        12          0          0          0          0        543   main.o
       220         22          0          0          0       1949   misc.o
        36          8        236          0       1024        896   startup_stm32f10x_md.o
       860         38          0          0          0       5885   stm32f10x_gpio.o
       932         36          0         20          0       9160   stm32f10x_rcc.o
      3610         88          0          0          0      22992   stm32f10x_tim.o
      1032         22          0          0          0       8608   stm32f10x_usart.o
        12          0          0          0          0        565   sys.o
       480         38          0         20          0      45947   system_stm32f10x.o
       600         32          0          7         36       2405   usart.o

    ----------------------------------------------------------------------
      9988        390        268         80       1064     317061   Object Totals
         0          0         32          0          0          0   (incl. Generated)
         2          0          0          1          4          0   (incl. Padding)

    ----------------------------------------------------------------------

      Code (inc. data)   RO Data    RW Data    ZI Data      Debug   Library Member Name

         0          0          0          0          0          0   entry.o
         0          0          0          0          0          0   entry10a.o
         0          0          0          0          0          0   entry11a.o
         8          4          0          0          0          0   entry2.o
         4          0          0          0          0          0   entry5.o
         0          0          0          0          0          0   entry7b.o
         0          0          0          0          0          0   entry8b.o
         8          4          0          0          0          0   entry9a.o
        30          0          0          0          0          0   handlers.o
        36          8          0          0          0         68   init.o

    ----------------------------------------------------------------------
        88         16          0          0          0         68   Library Totals
         2          0          0          0          0          0   (incl. Padding)

    ----------------------------------------------------------------------

      Code (inc. data)   RO Data    RW Data    ZI Data      Debug   Library Name

        86         16          0          0          0         68   mc_w.l

    ----------------------------------------------------------------------
        88         16          0          0          0         68   Library Totals

    ----------------------------------------------------------------------

==============================================================================


      Code (inc. data)   RO Data    RW Data    ZI Data      Debug   

     10076        406        268         80       1064     315981   Grand Totals
     10076        406        268         80       1064     315981   ELF Image Totals
     10076        406        268         80          0          0   ROM Totals

==============================================================================

    Total RO  Size (Code + RO Data)                10344 (  10.10kB)
    Total RW  Size (RW Data + ZI Data)              1144 (   1.12kB)
    Total ROM Size (Code + RO Data + RW Data)      10424 (  10.18kB)

==============================================================================

